../Core/Src/main.c:95:1:__io_putchar	16	static
../Core/Src/main.c:125:5:main	8	static
../Core/Src/main.c:182:6:SystemClock_Config	120	static
../Core/Src/main.c:243:13:MX_ETH_Init	8	static
../Core/Src/main.c:292:13:MX_I2C2_Init	8	static
../Core/Src/main.c:340:13:MX_USART3_UART_Init	8	static
../Core/Src/main.c:388:13:MX_USB_OTG_FS_PCD_Init	8	static
../Core/Src/main.c:424:13:MX_GPIO_Init	64	static
../Core/Src/main.c:497:19:read_temp	40	static
../Core/Src/main.c:525:6:Error_Handler	4	static,ignoring_inline_asm
